// Jest Snapshot v1, https://goo.gl/fbAQLP

exports[`Menu component #render render with children 1`] = `
"<ul className=\\"menu default\\">
  <div>
    render com filho
  </div>
</ul>"
`;

exports[`Menu component #render render with items 1`] = `
"<ul className=\\"menu teste accordionMenu dark\\">
  <MenuItem icon=\\"dashboard\\" content=\\"Dashboard\\" link={[undefined]} items={{...}} active={[undefined]} />
  <MenuItem icon=\\"insert_chart\\" content=\\"Charts\\" link={[undefined]} items={{...}} active={[undefined]} />
</ul>"
`;
