// Jest Snapshot v1, https://goo.gl/fbAQLP

exports[`Sidebar component render default 1`] = `
"<Symbol(react.fragment)>
  <div className=\\"sidebar closed\\">
    <div onClick={[undefined]} className=\\"logotype\\" />
    <nav className=\\"content\\">
      <span className=\\"contentTitle isNavClosed\\">
        Menu
      </span>
      <Accordion type=\\"accordionMenu\\" exclusive={false} as=\\"ul\\" open={[undefined]} theme=\\"default\\" panels={{...}}>
        <li title=\\"Home\\" className=\\"listItem isClosed\\" onClick={[Function]} data-testid=\\"home-link\\">
          <Icon size={16} name=\\"person\\" className=\\"iconLeft\\" align=\\"middle\\" />
          Home
        </li>
        <li title=\\"Página 1\\" className=\\"listItem isClosed\\" onClick={[Function]} data-testid=\\"pag1\\">
          <Icon size={16} name=\\"desktop_mac\\" className=\\"iconLeft\\" align=\\"middle\\" />
          Página 1
        </li>
        <li className=\\"accordeonListItem isClosed\\" data-testid=\\"acc\\">
          <AccordionTitle data-testid=\\"acc\\" active={false} index={2} onClick={[Function]} icon=\\"filter\\">
            Um Accordion
          </AccordionTitle>
          <AccordionContent active={false}>
            <ul className=\\"nestedMenu\\">
              <li title=\\"Item 1\\" className=\\"nestedItem isClosed\\" onClick={[Function]} data-testid=\\"acc-item1\\">
                Item 1
              </li>
              <li title=\\"Item 2\\" className=\\"nestedItem isClosed\\" onClick={[Function]} data-testid=\\"acc-item2\\">
                Item 2
              </li>
            </ul>
          </AccordionContent>
        </li>
        <li className=\\"accordeonListItem isActive isClosed\\" data-testid=\\"acc2\\">
          <AccordionTitle data-testid=\\"acc2\\" active={true} index={3} onClick={[Function]} icon=\\"filter\\">
            Outro Accordion
          </AccordionTitle>
          <AccordionContent active={true}>
            <ul className=\\"nestedMenu\\">
              <li title=\\"Item 1\\" className=\\"nestedItem isClosed sectionActive\\" onClick={[Function]} data-testid=\\"acc2-item1\\">
                Item 1
              </li>
              <li title=\\"Item 2\\" className=\\"nestedItem isClosed isActive sectionActive\\" onClick={[Function]} data-testid=\\"acc2-item2\\">
                Item 2
              </li>
            </ul>
          </AccordionContent>
        </li>
      </Accordion>
    </nav>
  </div>
</Symbol(react.fragment)>"
`;
