// Jest Snapshot v1, https://goo.gl/fbAQLP

exports[`Alert component render correctly with default values 1`] = `
"<Symbol(react.fragment)>
  <div className=\\"alertWrap info\\">
    <div className=\\"icon\\">
      <Icon size=\\"28px\\" name=\\"info\\" align=\\"middle\\" />
    </div>
    <div className=\\"content\\">
      <div className=\\"text\\">
        <h3 className=\\"title\\" />
      </div>
      <Button className=\\"action\\" onClick={[undefined]} disabled={false} color=\\"primary\\" size=\\"medium\\" type=\\"button\\" active={false}>
        Okay
      </Button>
    </div>
  </div>
</Symbol(react.fragment)>"
`;
