// Jest Snapshot v1, https://goo.gl/fbAQLP

exports[`Pager component #render change start and end pages when currentPage + 4 >= maxPages 1`] = `
ShallowWrapper {
  "length": 1,
}
`;

exports[`Pager component #render change start and end pages when currentPage <= 6 1`] = `
ShallowWrapper {
  "length": 1,
}
`;

exports[`Pager component #render change start and end pages when is a default value 1`] = `
ShallowWrapper {
  "length": 1,
}
`;

exports[`Pager component #render render correctly 1`] = `
ShallowWrapper {
  "length": 1,
}
`;

exports[`Pager component #render render correctly with hasFirstLast 1`] = `
ShallowWrapper {
  "length": 1,
}
`;

exports[`Pager component #render render correctly with hasPagination 1`] = `
ShallowWrapper {
  "length": 1,
}
`;
