// Jest Snapshot v1, https://goo.gl/fbAQLP

exports[`Modal component #render render fail modal should render right 1`] = `"<div class=\\"wrap\\"><div class=\\"modal\\" type=\\"fail\\" message=\\"Ops, algo deu errado :(\\" confirmButtonText=\\"Okay\\" cancelButtonText=\\"Cancelar\\"><i style=\\"vertical-align:middle;font-size:20px\\" class=\\"material-icons icon close\\" align=\\"middle\\">close</i><div class=\\"content\\"><div class=\\"base\\"><div class=\\"imageWrap\\"></div><div class=\\"message\\">Ops, algo deu errado :(</div></div></div></div><div class=\\"overlay\\"></div></div>"`;

exports[`Modal component #render render success modal should render right 1`] = `"<div class=\\"wrap\\"><div class=\\"modal\\" type=\\"success\\" message=\\"mensagem do modal de sucesso\\" confirmButtonText=\\"Okay\\" cancelButtonText=\\"Cancelar\\"><i style=\\"vertical-align:middle;font-size:20px\\" class=\\"material-icons icon close\\" align=\\"middle\\">close</i><div class=\\"content\\"><div class=\\"base\\"><div class=\\"imageWrap\\"></div><div class=\\"message\\">mensagem do modal de sucesso</div></div></div></div><div class=\\"overlay\\"></div></div>"`;

exports[`Modal component #render should render confirm modal should render right 1`] = `"<div class=\\"wrap\\"><div class=\\"modal\\" type=\\"confirm\\" message=\\"Mensagem do modal de confirm\\" confirmButtonText=\\"Tenho certeza\\" cancelButtonText=\\"Cancelar\\"><i style=\\"vertical-align:middle;font-size:20px\\" class=\\"material-icons icon close\\" align=\\"middle\\">close</i><div class=\\"content\\"><div class=\\"base\\"><div class=\\"imageWrap\\"></div><div class=\\"message\\">Mensagem do modal de confirm</div><div class=\\"actions\\"><button type=\\"button\\" class=\\"button variant outline medium\\">Cancelar</button><button type=\\"button\\" class=\\"button primary medium\\">Tenho certeza</button></div></div></div></div><div class=\\"overlay\\"></div></div>"`;

exports[`Modal component #render should render modal with children 1`] = `"<div class=\\"wrap\\"><div class=\\"modal\\" type=\\"custom\\" confirmButtonText=\\"Okay\\" cancelButtonText=\\"Cancelar\\"><i style=\\"vertical-align:middle;font-size:20px\\" class=\\"material-icons icon close\\" align=\\"middle\\">close</i><div class=\\"content\\"><div>teste com filho</div></div></div><div class=\\"overlay\\"></div></div>"`;
