// Jest Snapshot v1, https://goo.gl/fbAQLP

exports[`Toggle component render correctly with props values 1`] = `
"<label htmlFor={123} className=\\"wrap isDisabled minhaClasse\\">
  <input value=\\"value\\" checked={true} onChange={[Function: mockConstructor]} type=\\"checkbox\\" id={123} className=\\"input\\" role=\\"switch\\" disabled={true} />
  <span className=\\"knob\\" />
  <span className=\\"track\\" />
</label>"
`;
