// Jest Snapshot v1, https://goo.gl/fbAQLP

exports[`Toggle component render correctly with props values 1`] = `"<label for=\\"123\\" class=\\"wrap isDisabled minhaClasse\\"><input type=\\"checkbox\\" value=\\"value\\" checked=\\"\\" id=\\"123\\" class=\\"input\\" role=\\"switch\\" disabled=\\"\\"/><span class=\\"knob\\"></span><span class=\\"track\\"></span></label>"`;
